--------------------------------------------------------------------------
MPI_ABORT was invoked on rank 14 in communicator MPI_COMM_WORLD
with errorcode 1.

NOTE: invoking MPI_ABORT causes Open MPI to kill all MPI processes.
You may or may not see output from other processes, depending on
exactly when Open MPI kills them.
--------------------------------------------------------------------------
--------------------------------------------------------------------------
MPI_ABORT was invoked on rank 13 in communicator MPI_COMM_WORLD
with errorcode 1.

NOTE: invoking MPI_ABORT causes Open MPI to kill all MPI processes.
You may or may not see output from other processes, depending on
exactly when Open MPI kills them.
--------------------------------------------------------------------------
slurmstepd: error: *** STEP 20260392.1 ON c150 CANCELLED AT 2026-08-21T16:45:54 ***
slurmstepd: error: --task-epilog failed status=9
srun: Job step aborted: Waiting up to 62 seconds for job step to finish.
srun: error: c150: task 14: Exited with exit code 1
srun: Terminating StepId=20260392.1
srun: error: c150: tasks 0-12,15-31: Killed
srun: error: c150: task 13: Exited with exit code 1
