--------------------------------------------------------------------------
MPI_ABORT was invoked on rank 14 in communicator MPI_COMM_WORLD
with errorcode 1.

NOTE: invoking MPI_ABORT causes Open MPI to kill all MPI processes.
You may or may not see output from other processes, depending on
exactly when Open MPI kills them.
--------------------------------------------------------------------------
--------------------------------------------------------------------------
MPI_ABORT was invoked on rank 13 in communicator MPI_COMM_WORLD
with errorcode 1.

NOTE: invoking MPI_ABORT causes Open MPI to kill all MPI processes.
You may or may not see output from other processes, depending on
exactly when Open MPI kills them.
--------------------------------------------------------------------------
srun: error: c566: task 14: Exited with exit code 1
srun: Terminating StepId=20226660.1
slurmstepd: error: *** STEP 20226660.1 ON c566 CANCELLED AT 2026-08-21T03:11:56 ***
srun: Job step aborted: Waiting up to 62 seconds for job step to finish.
slurmstepd: error: --task-epilog failed status=9
srun: error: c566: tasks 0-13,15-31: Killed
