
     Program DOS v.7.5 starts on  2Jul2026 at  1:41:52 
        Git branch: develop
        Last git commit: ea9b1b3d7915154c244e4a71786faaa0fdafa55c
        Last git commit date: Mon Mar 16 14:03:30 2026 +0000
        Last git commit subject: Merge branch 'dev_td_porting' into 'develop'

     This program is part of the open-source Quantum ESPRESSO suite
     for quantum simulation of materials; please cite
         "P. Giannozzi et al., J. Phys.:Condens. Matter 21 395502 (2009);
         "P. Giannozzi et al., J. Phys.:Condens. Matter 29 465901 (2017);
         "P. Giannozzi et al., J. Chem. Phys. 152 154105 (2020);
          URL http://www.quantum-espresso.org", 
     in publications or presentations arising from this work. More details at
     http://www.quantum-espresso.org/quote

     Parallel version (MPI), running on     1 processors

     MPI processes distributed on     1 nodes
     0 MiB available memory on the printing compute node when the environment starts


     Reading xml data from directory:

     ./tmp/final/SrCu2SnS4.save/
     file Cu.paw.z_11.ld1.psl.v1.0.0-low.upf: wavefunction(s)  4S 3D renormalized

     IMPORTANT: XC functional enforced from input :
     Exchange-correlation= PBE
                           (   1   4   3   4   0   0   0)
     Any further DFT definition will be discarded
     Please, verify this is what you really want


     G-vector sticks info
     --------------------
     sticks:   dense  smooth     PW     G-vecs:    dense   smooth      PW
     Sum        7159    3571    955              1203283   425273   59487

     Using Slab Decomposition


     negative rho (up, down):  1.979E-01 0.000E+00

     Gaussian broadening (read from input): ngauss,degauss=   0    0.005000


     DOS          :      5.35s CPU      5.79s WALL


   This run was terminated on:   1:41:58   2Jul2026            

=------------------------------------------------------------------------------=
   JOB DONE.
=------------------------------------------------------------------------------=
Note: The following floating-point exceptions are signalling: IEEE_OVERFLOW_FLAG
