--------------------------------------------------------------------------
MPI_ABORT was invoked on rank 14 in communicator MPI_COMM_WORLD
with errorcode 1.

NOTE: invoking MPI_ABORT causes Open MPI to kill all MPI processes.
You may or may not see output from other processes, depending on
exactly when Open MPI kills them.
--------------------------------------------------------------------------
--------------------------------------------------------------------------
MPI_ABORT was invoked on rank 13 in communicator MPI_COMM_WORLD
with errorcode 1.

NOTE: invoking MPI_ABORT causes Open MPI to kill all MPI processes.
You may or may not see output from other processes, depending on
exactly when Open MPI kills them.
--------------------------------------------------------------------------
srun: Job step aborted: Waiting up to 62 seconds for job step to finish.
slurmstepd: error: *** STEP 20228932.1 ON c310 CANCELLED AT 2026-08-21T04:28:10 ***
slurmstepd: error: --task-epilog failed status=9
slurmstepd: error:  mpi/pmix_v4: _errhandler: c310 [0]: pmixp_client_v2.c:211: Error handler invoked: status = -61, source = [slurm.pmix.20228932.1:14]
srun: error: c310: tasks 0-12,15-31: Killed
srun: Terminating StepId=20228932.1
srun: error: c310: tasks 13-14: Exited with exit code 1
