#   Ef[Ry]      T[K]                  N[e/uc]        DOS(ef)[1/(Ha*uc)]                    S[V/K]   sigma/tau0[1/(ohm*m*s)]                RH[m**3/C]    kappae/tau0[W/(m*K*s)]             cv[J/(mol*K)]             chi[m**3/mol]
  0.606061       300                -0.546719                   84.3677              -2.05224e-05               2.30932e+19              -7.93715e-09               1.43317e+14                   1.94278               2.30471e-12
  0.605321       400                -0.546333                   81.1939              -2.32249e-05               2.17203e+19              -8.79986e-09               1.73101e+14                   2.65715                 2.218e-12
  0.604456       500                -0.546775                   77.2596               -2.4575e-05               2.05043e+19              -9.80219e-09               1.97273e+14                   3.27427               2.11053e-12
   0.60348       600                -0.546278                   72.8241              -2.56437e-05               1.94145e+19              -1.09537e-08               2.16669e+14                    3.7981               1.98936e-12
  0.602437       700                -0.546364                    68.508              -2.68329e-05               1.84394e+19              -1.22232e-08               2.31408e+14                   4.24668               1.87146e-12
  0.601338       800                -0.546479                   64.4357              -2.83866e-05               1.75487e+19              -1.36043e-08               2.41608e+14                   4.62904               1.76022e-12
  0.600201       900                -0.547002                   60.7249              -3.03615e-05               1.67249e+19              -1.50761e-08               2.47515e+14                   4.95478               1.65885e-12
  0.601319       300                -0.273227                   36.4518              -2.74771e-05               1.76199e+19              -1.44742e-08               1.35717e+14                   1.00348               9.95768e-13
  0.600423       400                -0.273268                   35.4151              -3.08009e-05               1.72416e+19              -1.52394e-08               1.70907e+14                   1.56572               9.67449e-13
  0.599334       500                -0.273117                   34.3401              -3.33486e-05               1.66878e+19               -1.6482e-08               1.98438e+14                   2.13152               9.38082e-13
  0.598111       600                -0.273199                   33.2234              -3.59046e-05               1.60531e+19              -1.80538e-08               2.18764e+14                   2.65436               9.07578e-13
  0.596788       700                -0.273375                    32.051               -3.8844e-05               1.53758e+19              -1.98788e-08                2.3244e+14                   3.11893                8.7555e-13
  0.595381       800                -0.273276                   30.8109              -4.23676e-05               1.46713e+19              -2.19308e-08               2.40033e+14                   3.52255               8.41674e-13
  0.593919       900                -0.273312                    29.593              -4.65108e-05                1.3957e+19              -2.41681e-08                 2.424e+14                   3.87377               8.08403e-13
  0.591774       300                -0.109314                     8.057              -1.63842e-05               1.25481e+19              -3.33697e-08               9.50475e+13                  0.214907               2.20096e-13
  0.591215       400                -0.109281                   8.60023              -2.28175e-05               1.24789e+19              -3.37723e-08               1.23961e+14                  0.405927               2.34936e-13
  0.590398       500                -0.109324                   9.21452              -3.05359e-05                 1.224e+19              -3.49218e-08               1.49215e+14                  0.682629               2.51717e-13
  0.589316       600                -0.109278                   9.76736              -3.87189e-05               1.18554e+19              -3.68071e-08               1.68241e+14                   1.01215               2.66819e-13
  0.588033       700                -0.109331                   10.2031              -4.71214e-05               1.13562e+19               -3.9358e-08               1.80545e+14                   1.36035               2.78723e-13
  0.586569       800                 -0.10927                   10.4725              -5.57365e-05               1.07646e+19              -4.26116e-08               1.86516e+14                   1.69914                2.8608e-13
  0.584978       900                -0.109264                   10.6032              -6.45411e-05               1.01203e+19              -4.64982e-08               1.87359e+14                   2.01897               2.89653e-13
  0.582538       300               -0.0546352                   4.42438              -2.69684e-05               9.21505e+18              -6.24314e-08               6.15727e+13                 0.0814151               1.20863e-13
  0.582247       400               -0.0546403                   4.41555              -3.63329e-05               8.95597e+18              -6.37561e-08               8.07308e+13                  0.129672               1.20621e-13
  0.581809       500               -0.0546618                   4.48061              -4.48834e-05               8.71663e+18              -6.52999e-08               9.82935e+13                  0.216952               1.22399e-13
  0.581154       600               -0.0546518                   4.61893              -5.38911e-05               8.43457e+18              -6.75071e-08               1.13105e+14                  0.359548               1.26177e-13
  0.580239       700               -0.0546054                   4.80336              -6.36211e-05               8.07907e+18              -7.07712e-08               1.23893e+14                  0.554359               1.31215e-13
  0.579084       800               -0.0546627                   5.00166               -7.3959e-05               7.65715e+18              -7.51773e-08                1.3023e+14                    0.7865               1.36632e-13
  0.577678       900               -0.0546381                    5.1623              -8.48718e-05               7.16759e+18              -8.10493e-08               1.32294e+14                   1.03668                1.4102e-13
  0.574667       300               -0.0273175                   2.76438              -2.82749e-05               5.72513e+18              -1.26809e-07               4.02429e+13                 0.0485216               7.55157e-14
  0.574401       400               -0.0273231                   2.73132               -4.5937e-05               5.62224e+18              -1.28241e-07               5.19249e+13                 0.0691441               7.46126e-14
  0.574008       500               -0.0273261                   2.70588              -6.07824e-05               5.50357e+18              -1.29805e-07               6.19468e+13                  0.099758               7.39176e-14
  0.573467       600               -0.0273189                   2.69583              -7.40303e-05               5.35315e+18              -1.32224e-07               7.03768e+13                   0.15259                7.3643e-14
  0.572741       700               -0.0273272                    2.7102              -8.67025e-05               5.15967e+18               -1.3602e-07               7.70748e+13                  0.239988               7.40357e-14
  0.571778       800               -0.0273183                   2.74666              -9.93854e-05               4.90957e+18              -1.41953e-07               8.17953e+13                  0.368008               7.50317e-14
  0.570577       900               -0.0273211                   2.80487              -0.000112081               4.61243e+18              -1.50141e-07               8.51052e+13                  0.539337               7.66218e-14
  0.566906       300               -0.0109294                   1.47286              -5.40214e-05               2.76341e+18              -3.34717e-07               2.18281e+13                 0.0294795               4.02346e-14
  0.566527       400               -0.0109278                   1.48478              -7.60599e-05               2.78968e+18              -3.27105e-07               2.63754e+13                  0.039742               4.05602e-14
  0.566022       500               -0.0109448                   1.46425              -9.47064e-05               2.74631e+18              -3.26813e-07                3.0454e+13                 0.0530371               3.99994e-14
  0.565357       600               -0.0109264                    1.4299              -0.000112011               2.66323e+18              -3.30825e-07               3.40605e+13                 0.0744154               3.90612e-14
  0.564558       700               -0.0109267                   1.40168              -0.000128165               2.56479e+18              -3.36261e-07               3.75799e+13                  0.114648               3.82902e-14
   0.56362       800               -0.0109312                   1.39841              -0.000142809                2.4578e+18              -3.42448e-07               4.19053e+13                  0.190242                3.8201e-14
  0.562596       900                -0.010933                   1.45289              -0.000154618               2.36132e+18              -3.46082e-07               4.90474e+13                  0.323746               3.96891e-14
  0.562619       300              -0.00546197                   1.02296              -8.29943e-05               1.71731e+18              -6.26562e-07               1.06103e+13                 0.0187892               2.79446e-14
  0.562097       400              -0.00546704                   0.97883              -0.000104145               1.63826e+18               -6.4289e-07               1.38258e+13                 0.0262969               2.67391e-14
  0.561428       500              -0.00546574                  0.934512               -0.00012677               1.57118e+18              -6.52296e-07               1.63779e+13                 0.0361585               2.55284e-14
  0.560611       600              -0.00546199                  0.892667              -0.000147829               1.50614e+18              -6.59582e-07               1.87242e+13                 0.0533258               2.43853e-14
  0.559697       700              -0.00546432                   0.87183              -0.000165558               1.45251e+18              -6.59961e-07               2.20448e+13                 0.0902848               2.38161e-14
  0.558813       800              -0.00546819                  0.907386              -0.000177318               1.43283e+18              -6.40702e-07               2.85885e+13                  0.168898               2.47874e-14
  0.558152       900              -0.00546627                   1.04551              -0.000180484               1.47714e+18              -5.88584e-07               4.11244e+13                  0.316085               2.85606e-14
  0.530967       300               0.00547235                   2.66269               0.000337035               2.35402e+17               8.47562e-07               1.27786e+12                   0.16579               7.27377e-14
  0.533135       400               0.00546371                   2.05918               0.000379179               2.20002e+17               8.16799e-07               1.63247e+12                   0.23049               5.62514e-14
  0.535641       500               0.00545806                   1.67586               0.000405879               2.04406e+17               7.40166e-07               2.75419e+12                  0.297602                 4.578e-14
   0.53843       600               0.00546195                   1.42576               0.000384552               1.97387e+17               3.47434e-07               8.12827e+12                  0.368352                3.8948e-14
   0.54142       700               0.00546419                   1.28235                0.00026323               2.19541e+17              -6.52223e-07               2.38782e+13                  0.446106               3.50304e-14
  0.544431       800               0.00546925                   1.25938               8.40635e-05               3.05772e+17              -1.37783e-06                4.8052e+13                  0.542374               3.44029e-14
  0.547252       900               0.00546447                   1.37262               -4.0543e-05               4.84674e+17              -1.24446e-06               7.18899e+13                  0.677584               3.74964e-14
  0.529497       300                0.0109399                   4.96708               0.000280147               4.68102e+17               4.21174e-07               2.53604e+12                  0.219564               1.35688e-13
  0.531258       400                0.0109325                   3.94785               0.000321664               4.37511e+17               4.07674e-07               3.16167e+12                  0.322318               1.07845e-13
  0.533347       500                0.0109371                    3.2615               0.000354524               4.04699e+17               3.93477e-07               4.05711e+12                  0.433379               8.90957e-14
  0.535737       600                0.0109255                   2.77355               0.000370606                3.7504e+17               3.41635e-07               7.04582e+12                  0.548741               7.57662e-14
  0.538376       700                0.0109294                   2.43291                0.00034646               3.61779e+17               1.37827e-07               1.71403e+13                  0.666535               6.64608e-14
  0.541194       800                0.0109308                   2.21828               0.000256328               3.87216e+17              -2.91671e-07               4.01911e+13                  0.789277               6.05977e-14
  0.544065       900                0.0109336                   2.14042               0.000123041               4.82312e+17              -6.71737e-07               7.34718e+13                  0.930402               5.84707e-14
  0.527322       300                0.0273272                   10.5035               0.000208161               1.15471e+18                1.6567e-07               6.26534e+12                  0.302516               2.86928e-13
  0.528597       400                0.0272987                    8.8312               0.000247722               1.07389e+18                1.6105e-07               7.81163e+12                  0.471389               2.41245e-13
  0.530171       500                0.0273361                   7.55989               0.000281203               9.92477e+17               1.58538e-07               9.09832e+12                  0.671255               2.06516e-13
   0.53204       600                0.0273035                   6.56187               0.000307852               9.10205e+17               1.57057e-07               1.07509e+13                  0.886608               1.79253e-13
  0.534162       700                0.0273139                   5.78961               0.000323773                8.3766e+17               1.45894e-07               1.51577e+13                   1.10481               1.58157e-13
  0.536509       800                0.0273234                   5.18774               0.000320262               7.85214e+17               1.02509e-07               2.70657e+13                   1.31704               1.41716e-13
  0.539029       900                0.0273416                   4.73868                0.00028513               7.71036e+17              -2.35684e-10                5.2458e+13                   1.52455               1.29448e-13
   0.52534       300                0.0546507                   17.2817               0.000157165               2.25187e+18               8.09821e-08               1.25932e+13                  0.393619               4.72092e-13
  0.526304       400                0.0546157                   15.3298               0.000195116               2.08452e+18               7.85973e-08               1.56343e+13                  0.622116                4.1877e-13
  0.527539       500                0.0547078                   13.6521               0.000227316               1.92903e+18               7.79859e-08               1.78142e+13                  0.910638               3.72941e-13
  0.529049       600                0.0546708                   12.1903               0.000254258               1.77179e+18                7.9084e-08               1.93756e+13                   1.23476               3.33007e-13
  0.530802       700                0.0546688                    10.952               0.000275675               1.62264e+18               7.99787e-08               2.16721e+13                   1.56948               2.99181e-13
  0.532767       800                0.0547337                   9.91621               0.000289653               1.49108e+18               7.69774e-08               2.74867e+13                   1.89679               2.70885e-13
  0.534933       900                0.0546677                   9.03197               0.000292074               1.38401e+18               6.34256e-08               4.12965e+13                   2.20536                2.4673e-13
  0.522858       300                 0.109253                   26.8146               0.000113468               4.15248e+18               3.79108e-08               2.59087e+13                  0.560612               7.32505e-13
  0.523582       400                 0.109347                   25.2084                0.00014866               3.90438e+18               3.70726e-08               3.12613e+13                  0.867089               6.88627e-13
  0.524559       500                 0.109269                   23.4592               0.000178126               3.63775e+18                3.7641e-08               3.48231e+13                   1.25892               6.40843e-13
  0.525765       600                 0.109359                   21.7274               0.000202932               3.36756e+18               3.88874e-08                3.6855e+13                   1.71211               5.93535e-13
  0.527199       700                 0.109263                   20.0301               0.000224203               3.09401e+18               4.05381e-08               3.80892e+13                   2.18801               5.47169e-13
  0.528822       800                 0.109318                   18.4694               0.000241721                2.8388e+18               4.19056e-08               4.03211e+13                   2.66053               5.04535e-13
  0.530624       900                 0.109288                   17.0392               0.000254681                2.6077e+18               4.20122e-08               4.62121e+13                   3.11138               4.65465e-13
  0.518381       300                 0.273112                   47.9427               8.02095e-05               8.60855e+18               1.12882e-08               5.90077e+13                   1.02643               1.30967e-12
  0.518967       400                 0.273135                   47.1863               0.000103651               8.28336e+18               1.27905e-08               7.14281e+13                   1.52029               1.28901e-12
  0.519727       500                 0.273343                   45.9768               0.000124478               7.87427e+18               1.39646e-08               7.92949e+13                   2.10581               1.25597e-12
  0.520668       600                 0.273252                   44.2914               0.000143529               7.39158e+18               1.50435e-08               8.32059e+13                   2.74911               1.20993e-12
  0.521775       700                 0.273119                   42.2742               0.000160988               6.87877e+18               1.61128e-08               8.42554e+13                   3.41428               1.15482e-12
  0.523023       800                 0.273354                   40.1121               0.000176721               6.37628e+18               1.71654e-08               8.39321e+13                   4.07829               1.09576e-12
  0.524413       900                 0.273172                   37.8386               0.000190733               5.89108e+18               1.81947e-08               8.37444e+13                   4.72189               1.03365e-12
  0.514039       300                 0.546268                   80.0367               6.09158e-05               1.44868e+19               6.56041e-09               9.83574e+13                   1.64878               2.18639e-12
   0.51456       400                 0.546497                   79.0263               7.57614e-05               1.39851e+19               6.91412e-09               1.20105e+14                    2.3953               2.15879e-12
  0.515222       500                 0.546902                   77.5785               9.06509e-05               1.33428e+19               7.32275e-09               1.34608e+14                    3.2017               2.11924e-12
  0.516026       600                 0.546665                   75.5402                0.00010518                1.2607e+19               7.79837e-09               1.42425e+14                    4.0071               2.06356e-12
   0.51695       700                 0.546465                    73.014               0.000119037               1.18381e+19               8.32971e-09               1.45201e+14                   4.78926               1.99455e-12
  0.517979       800                  0.54637                   70.1268                0.00013203               1.10739e+19               8.90328e-09               1.44613e+14                   5.54649               1.91568e-12
  0.519103       900                 0.546373                   67.0304               0.000143998               1.03396e+19               9.50057e-09               1.42285e+14                   6.28412               1.83109e-12
