#   Ef[Ry]      T[K]                  N[e/uc]        DOS(ef)[1/(Ha*uc)]                    S[V/K]   sigma/tau0[1/(ohm*m*s)]                RH[m**3/C]    kappae/tau0[W/(m*K*s)]             cv[J/(mol*K)]             chi[m**3/mol]
  0.547164       300                -0.450267                   82.7862              -2.45692e-05                1.7555e+19              -8.28979e-09               1.20487e+14                   1.61695               2.74309e-12
  0.546667       400                -0.450811                   73.3125              -2.87308e-05               1.70972e+19              -8.74669e-09               1.47277e+14                   2.12362               2.42918e-12
  0.546052       500                -0.450411                   66.2578              -3.29542e-05               1.64979e+19              -9.37903e-09               1.66857e+14                   2.64341               2.19543e-12
  0.545358       600                -0.450493                   60.8193              -3.75283e-05               1.58376e+19               -1.0112e-08               1.80121e+14                   3.14651               2.01522e-12
  0.544588       700                 -0.45039                    56.374              -4.24964e-05               1.51413e+19               -1.0929e-08               1.87593e+14                   3.61022               1.86793e-12
  0.543763       800                -0.450713                   52.6656              -4.77285e-05               1.44399e+19               -1.1795e-08               1.90061e+14                   4.02324               1.74505e-12
  0.542877       900                -0.450538                   49.4111              -5.31712e-05               1.37342e+19               -1.2719e-08               1.88361e+14                   4.38274               1.63722e-12
  0.543433       300                -0.225372                   38.5662              -2.43987e-05               1.30413e+19              -1.51666e-08                1.0091e+14                   1.49993               1.27787e-12
  0.542484       400                -0.225358                   35.9362              -3.37946e-05               1.26544e+19              -1.61714e-08               1.25196e+14                   1.93602               1.19073e-12
   0.54147       500                -0.225219                   33.6562              -4.28542e-05               1.21717e+19              -1.73527e-08               1.41929e+14                   2.36834               1.11519e-12
    0.5404       600                -0.225243                   31.6913              -5.19219e-05               1.16221e+19              -1.86817e-08                1.5171e+14                   2.79028               1.05008e-12
  0.539275       700                -0.225349                   29.9453              -6.10852e-05               1.10264e+19              -2.01486e-08               1.55587e+14                   3.19133               9.92225e-13
  0.538092       800                -0.225354                   28.3414              -7.03121e-05               1.04029e+19              -2.17522e-08               1.54721e+14                   3.56279               9.39082e-13
  0.536854       900                -0.225273                   26.8514              -7.95041e-05               9.77177e+18              -2.34783e-08               1.50314e+14                   3.90139               8.89709e-13
  0.536606       300               -0.0900905                   10.3995              -3.06995e-05               8.66714e+18              -3.28001e-08               6.26082e+13                  0.489564               3.44584e-13
  0.535855       400               -0.0900981                   11.1531              -4.42414e-05               8.32785e+18              -3.44156e-08               8.00532e+13                  0.856272               3.69554e-13
  0.534848       500               -0.0900332                    11.686              -5.88357e-05                7.8858e+18              -3.67161e-08               9.23753e+13                    1.2364               3.87211e-13
  0.533673       600               -0.0901294                   11.9385              -7.38654e-05               7.38339e+18              -3.95261e-08               9.90875e+13                    1.6064               3.95579e-13
   0.53235       700               -0.0901117                   11.9179              -8.90288e-05               6.83887e+18              -4.28809e-08               1.00702e+14                   1.95489               3.94894e-13
  0.530912       800               -0.0900841                   11.7061              -0.000104033               6.28436e+18              -4.67002e-08                9.8469e+13                   2.28058               3.87876e-13
  0.529381       900               -0.0901335                   11.3739              -0.000118608               5.74532e+18              -5.08978e-08               9.37036e+13                   2.58545               3.76868e-13
  0.530817       300               -0.0450396                   5.83127              -4.70894e-05               5.63246e+18              -6.37351e-08               3.85801e+13                   0.19386               1.93217e-13
  0.530316       400               -0.0450484                   5.93419              -6.35538e-05               5.42491e+18              -6.54578e-08               4.84808e+13                  0.355684               1.96627e-13
  0.529552       500               -0.0450687                    6.1089              -8.11036e-05               5.13666e+18              -6.83706e-08               5.61785e+13                   0.59213               2.02416e-13
  0.528508       600                -0.045066                   6.25156              -9.96242e-05               4.77248e+18              -7.27454e-08               6.07819e+13                  0.868613               2.07143e-13
  0.527215       700               -0.0450405                    6.2925              -0.000118583               4.36208e+18              -7.85602e-08               6.20825e+13                   1.15493                 2.085e-13
  0.525719       800               -0.0450473                   6.22405              -0.000137388               3.94114e+18              -8.56128e-08                6.0674e+13                   1.43555               2.06231e-13
  0.524046       900               -0.0450417                   6.06155              -0.000155624               3.53231e+18              -9.38075e-08               5.74411e+13                   1.70515               2.00847e-13
  0.526047       300               -0.0225166                   3.75304              -6.99417e-05               3.33495e+18               -1.2652e-07               2.19974e+13                  0.110695               1.24355e-13
  0.525554       400               -0.0225201                   3.69325              -9.23211e-05                3.2081e+18              -1.28593e-07               2.69664e+13                   0.18147               1.22374e-13
  0.524829       500               -0.0225171                   3.64454              -0.000113952               3.03487e+18              -1.32579e-07               3.09714e+13                  0.303803                1.2076e-13
  0.523822       600               -0.0225206                   3.59943              -0.000135636               2.81354e+18              -1.39282e-07               3.36804e+13                  0.476153               1.19266e-13
  0.522511       700               -0.0225078                    3.5291              -0.000157527               2.55453e+18              -1.49253e-07               3.46859e+13                  0.678597               1.16935e-13
  0.520931       800                -0.022535                    3.4264              -0.000179082               2.28548e+18              -1.62069e-07               3.41485e+13                  0.893405               1.13532e-13
  0.519099       900               -0.0225276                   3.29019              -0.000199854               2.02216e+18              -1.77719e-07               3.25998e+13                    1.1133               1.09019e-13
  0.521496       300              -0.00900622                   2.21485              -0.000116017               1.52352e+18              -3.13216e-07               9.30516e+12                 0.0639099               7.33881e-14
  0.520811       400              -0.00900477                   2.06025              -0.000145411               1.45296e+18              -3.17797e-07               1.13116e+13                 0.0990276               6.82655e-14
  0.519885       500              -0.00900867                   1.91228              -0.000171679               1.36847e+18              -3.25494e-07               1.29976e+13                  0.159505               6.33628e-14
  0.518668       600              -0.00900672                   1.77906              -0.000196569               1.26448e+18              -3.39248e-07               1.42291e+13                  0.251058               5.89483e-14
  0.517135       700              -0.00901462                   1.66019              -0.000220833               1.14481e+18              -3.60439e-07               1.48443e+13                  0.368383               5.50097e-14
  0.515275       800              -0.00901113                   1.55063              -0.000244474                1.0169e+18              -3.89989e-07               1.48939e+13                  0.504262               5.13793e-14
  0.513152       900              -0.00900608                   1.46665              -0.000265834               8.97881e+17              -4.23834e-07               1.51498e+13                  0.669922               4.85969e-14
  0.519024       300               -0.0045011                    1.4367              -0.000160575               8.01727e+17              -6.26261e-07               4.68537e+12                 0.0466615               4.76045e-14
  0.518089       400              -0.00450594                   1.26666                -0.0001941               7.61978e+17              -6.33564e-07               5.71699e+12                 0.0726036               4.19704e-14
  0.516883       500              -0.00450766                   1.12185              -0.000222833               7.15717e+17              -6.47296e-07               6.58321e+12                  0.112491                3.7172e-14
  0.515378       600              -0.00450849                   1.00334               -0.00024921               6.60582e+17              -6.72182e-07               7.24045e+12                   0.17048               3.32451e-14
  0.513541       700              -0.00450511                  0.906254              -0.000274542               5.96625e+17              -7.12645e-07                7.6298e+12                  0.246101               3.00284e-14
  0.511397       800              -0.00450661                  0.835034              -0.000297936               5.32003e+17              -7.64249e-07               8.05267e+12                  0.344837               2.76685e-14
    0.5091       900              -0.00450474                  0.817502              -0.000314836               4.81729e+17              -8.03813e-07               9.75268e+12                  0.500251               2.70876e-14
  0.466341       300               0.00451015                   2.36118               0.000528193                9.1432e+16               5.98996e-07               3.34022e+11                  0.657983               7.82367e-14
  0.470155       400                0.0045098                   1.77446                0.00055804               7.53801e+16               6.10412e-07               2.96755e+11                  0.743079               5.87959e-14
  0.474179       500               0.00450235                   1.41849               0.000578505               6.39312e+16                6.2182e-07               2.77866e+11                    0.8045               4.70011e-14
  0.478342       600               0.00450879                   1.18449                0.00059215                5.5587e+16               6.20262e-07               3.48085e+11                  0.856165               3.92477e-14
  0.482628       700               0.00450537                   1.01684               0.000578982               4.96211e+16               4.40977e-07               1.25552e+12                  0.901021               3.36927e-14
  0.486971       800                0.0045084                  0.904362               0.000444498               4.89412e+16              -6.44146e-07               6.16327e+12                  0.953674               2.99657e-14
   0.49122       900               0.00450621                  0.865426               0.000150174               6.41975e+16              -2.12089e-06               1.78371e+13                   1.05023               2.86755e-14
  0.465015       300               0.00901551                    4.6954               0.000468713               1.82355e+17               2.99481e-07               6.66306e+11                   1.02969                1.5558e-13
  0.468393       400               0.00901155                    3.5346               0.000498477               1.50372e+17               3.05268e-07               5.92308e+11                   1.17901               1.17117e-13
  0.471977       500               0.00900388                   2.83025               0.000518868               1.27674e+17               3.10849e-07               5.51752e+11                    1.2891               9.37793e-14
  0.475702       600               0.00901704                   2.36432               0.000534062               1.10958e+17               3.14947e-07               5.74466e+11                   1.38112               7.83408e-14
  0.479549       700               0.00901602                   2.02858               0.000540573               9.81227e+16               2.96801e-07               1.03386e+12                   1.45936               6.72161e-14
  0.483484       800               0.00901869                   1.78325                0.00050786               8.99554e+16               1.19611e-07               3.85648e+12                    1.5341               5.90872e-14
  0.487458       900               0.00901538                   1.61722                0.00036789               9.16277e+16              -4.80558e-07               1.34659e+13                   1.62583               5.35858e-14
  0.463242       300                0.0225553                   11.5698               0.000390294                4.5316e+17                1.1949e-07               1.65646e+12                   1.76675               3.83361e-13
  0.466047       400                0.0225415                   8.75912                0.00041973               3.74245e+17               1.21785e-07               1.47575e+12                   2.07126                2.9023e-13
  0.469054       500                0.0225111                   7.02817               0.000440035               3.17902e+17               1.24105e-07               1.37398e+12                   2.30083               2.32876e-13
  0.472196       600                0.0225617                   5.88379               0.000455539               2.76603e+17               1.26224e-07               1.35094e+12                   2.49575               1.94957e-13
  0.475466       700                0.0225466                   5.04793               0.000467775               2.43867e+17               1.27492e-07               1.52958e+12                   2.65931               1.67261e-13
  0.478839       800                0.0225151                   4.41827               0.000471903               2.18427e+17                 1.176e-07               2.71958e+12                   2.80224               1.46398e-13
  0.482281       900                0.0225156                   3.94351               0.000449583               2.01461e+17                 5.862e-08               7.52881e+12                   2.94043               1.30667e-13
  0.461876       300                0.0451294                   22.5976               0.000331507               8.96677e+17               5.95352e-08               3.27936e+12                   2.52017               7.48763e-13
  0.464254       400                0.0450233                   17.2314               0.000360536               7.41299e+17               6.07599e-08               2.92806e+12                   3.01859               5.70954e-13
  0.466817       500                0.0450979                   13.9229               0.000380356               6.32553e+17               6.17495e-08               2.74127e+12                   3.41351               4.61329e-13
  0.469535       600                0.0450362                   11.6408               0.000396135               5.48922e+17               6.31034e-08               2.66711e+12                   3.74066               3.85712e-13
  0.472367       700                0.0450226                   10.0049               0.000409114               4.84257e+17               6.43543e-08               2.75027e+12                   4.02459               3.31508e-13
  0.475291       800                0.0450641                   8.78206               0.000418679               4.33566e+17                6.4145e-08               3.37269e+12                   4.27586                2.9099e-13
  0.478303       900                 0.045055                   7.82339               0.000420363               3.93674e+17               5.72824e-08               5.89465e+12                    4.4989               2.59225e-13
  0.460469       300                0.0899973                   43.1213               0.000273883               1.74992e+18               2.96581e-08               6.40575e+12                   3.37971               1.42881e-12
  0.462415       400                0.0901706                   33.5144               0.000301495               1.46039e+18               3.01188e-08               5.78784e+12                   4.15807               1.11049e-12
  0.464551       500                0.0901561                   27.2308               0.000321035               1.24766e+18               3.06874e-08               5.43804e+12                   4.79609               9.02282e-13
  0.466829       600                0.0901412                   22.8925               0.000336538               1.08601e+18               3.13615e-08               5.30391e+12                   5.34601               7.58534e-13
  0.469225       700                0.0900951                   19.7273               0.000349657               9.59015e+17               3.21009e-08               5.34134e+12                   5.82543               6.53657e-13
  0.471716       800                0.0900905                   17.3329                0.00036069               8.57956e+17               3.26715e-08               5.70185e+12                   6.24696               5.74317e-13
  0.474288       900                0.0901257                   15.4639               0.000368694               7.76957e+17               3.23501e-08               7.04207e+12                   6.62102                5.1239e-13
  0.458454       300                 0.225457                   96.6464               0.000199674                4.1228e+18               1.15659e-08               1.51261e+13                   4.42433               3.20234e-12
  0.459859       400                 0.225628                   77.3969               0.000224602               3.48465e+18                1.1759e-08               1.39603e+13                   5.60648               2.56452e-12
  0.461441       500                    0.225                   63.8572               0.000243213               2.99357e+18                1.2051e-08               1.32849e+13                   6.69276               2.11588e-12
  0.463145       600                 0.225118                   54.3259               0.000258167                2.6208e+18                1.2354e-08               1.30822e+13                   7.68952               1.80007e-12
  0.464964       700                  0.22512                   47.2066               0.000271077               2.32393e+18               1.26913e-08               1.31629e+13                   8.58571               1.56417e-12
  0.466875       800                 0.225309                   41.7502                0.00028233               2.08624e+18               1.30113e-08               1.35025e+13                    9.3865               1.38337e-12
  0.468873       900                 0.225255                   37.3837               0.000292149               1.89037e+18               1.32756e-08               1.42577e+13                   10.0935               1.23869e-12
  0.456723       300                 0.450982                   167.023               0.000146231               7.52828e+18               5.50695e-09               2.77529e+13                   4.82025               5.53425e-12
  0.457735       400                  0.45022                   137.416               0.000167832               6.45893e+18               5.64489e-09               2.64247e+13                   6.20207               4.55324e-12
  0.458884       500                 0.450701                   116.167                0.00018465                5.6277e+18               5.80801e-09               2.58075e+13                   7.64102               3.84915e-12
   0.46016       600                 0.450866                   100.334               0.000198989               4.96233e+18               6.00149e-09               2.57637e+13                   9.04129               3.32454e-12
  0.461553       700                 0.450332                   88.0975               0.000211734               4.41984e+18               6.21414e-09               2.60825e+13                   10.3425               2.91907e-12
  0.463031       800                 0.450581                   78.5754               0.000222938               3.98412e+18               6.41011e-09               2.67053e+13                   11.5269               2.60356e-12
  0.464591       900                 0.450771                   70.8823               0.000232888               3.62527e+18               6.58615e-09               2.75671e+13                   12.5904               2.34866e-12
