--------------------------------------------------------------------------
MPI_ABORT was invoked on rank 14 in communicator MPI_COMM_WORLD
with errorcode 1.

NOTE: invoking MPI_ABORT causes Open MPI to kill all MPI processes.
You may or may not see output from other processes, depending on
exactly when Open MPI kills them.
--------------------------------------------------------------------------
--------------------------------------------------------------------------
MPI_ABORT was invoked on rank 13 in communicator MPI_COMM_WORLD
with errorcode 1.

NOTE: invoking MPI_ABORT causes Open MPI to kill all MPI processes.
You may or may not see output from other processes, depending on
exactly when Open MPI kills them.
--------------------------------------------------------------------------
slurmstepd: error: *** STEP 20227560.1 ON c329 CANCELLED AT 2026-08-21T03:41:31 ***
srun: Job step aborted: Waiting up to 62 seconds for job step to finish.
slurmstepd: error:  mpi/pmix_v4: _errhandler: c329 [0]: pmixp_client_v2.c:211: Error handler invoked: status = -61, source = [slurm.pmix.20227560.1:16]
srun: error: c329: tasks 0-13,15-31: Killed
srun: Terminating StepId=20227560.1
srun: error: c329: task 14: Exited with exit code 1
