[c189:1312100:0:1312100] Caught signal 7 (Bus error: nonexistent physical address)
[c189:1312102:0:1312102] Caught signal 7 (Bus error: nonexistent physical address)
[c189:1312104:0:1312104] Caught signal 7 (Bus error: nonexistent physical address)
[c189:1312106:0:1312106] Caught signal 7 (Bus error: nonexistent physical address)
[c189:1312108:0:1312108] Caught signal 7 (Bus error: nonexistent physical address)
[c189:1312114:0:1312114] Caught signal 7 (Bus error: nonexistent physical address)
[c189:1312116:0:1312116] Caught signal 7 (Bus error: nonexistent physical address)
[c189:1312117:0:1312117] Caught signal 7 (Bus error: nonexistent physical address)
[c189:1312119:0:1312119] Caught signal 7 (Bus error: nonexistent physical address)
[c189:1312120:0:1312120] Caught signal 7 (Bus error: nonexistent physical address)
[c189:1312121:0:1312121] Caught signal 7 (Bus error: nonexistent physical address)
[c189:1312122:0:1312122] Caught signal 7 (Bus error: nonexistent physical address)
[c189:1312123:0:1312123] Caught signal 7 (Bus error: nonexistent physical address)
[c189:1312098:0:1312098] Caught signal 7 (Bus error: nonexistent physical address)
[c189:1312099:0:1312099] Caught signal 7 (Bus error: nonexistent physical address)
[c189:1312101:0:1312101] Caught signal 7 (Bus error: nonexistent physical address)
[c189:1312103:0:1312103] Caught signal 7 (Bus error: nonexistent physical address)
[c189:1312105:0:1312105] Caught signal 7 (Bus error: nonexistent physical address)
[c189:1312109:0:1312109] Caught signal 7 (Bus error: nonexistent physical address)
[c189:1312111:0:1312111] Caught signal 7 (Bus error: nonexistent physical address)
[c189:1312112:0:1312112] Caught signal 7 (Bus error: nonexistent physical address)
[c189:1312113:0:1312113] Caught signal 7 (Bus error: nonexistent physical address)
[c189:1312115:0:1312115] Caught signal 7 (Bus error: nonexistent physical address)
[c189:1312118:0:1312118] Caught signal 7 (Bus error: nonexistent physical address)
[c189:1312124:0:1312124] Caught signal 7 (Bus error: nonexistent physical address)
[c189:1312127:0:1312127] Caught signal 7 (Bus error: nonexistent physical address)
[c189:1312126:0:1312126] Caught signal 7 (Bus error: nonexistent physical address)
[c189:1312125:0:1312125] Caught signal 7 (Bus error: nonexistent physical address)
[c189:1312097:0:1312097] Caught signal 7 (Bus error: nonexistent physical address)
[c189:1312110:0:1312110] Caught signal 7 (Bus error: nonexistent physical address)
[c189:1312107:0:1312107] Caught signal 7 (Bus error: nonexistent physical address)
[c189:1312096:0:1312096] Caught signal 7 (Bus error: nonexistent physical address)
srun: error: c189: tasks 0-1,3,5,7,11,13-14,17-18,21-22,28-31: Bus error
srun: Terminating StepId=21961381.0
[2026-09-14T21:48:46.466] error: *** STEP 21961381.0 ON c189 CANCELLED AT 2026-09-14T21:48:46 DUE TO TASK FAILURE ***
[2026-09-14T21:48:47.033] error:  mpi/pmix_v4: _errhandler: c189 [0]: pmixp_client_v2.c:225: Error handler invoked: status = -61, source = [slurm.pmix.21961381.0:21]
srun: Job step aborted: Waiting up to 62 seconds for job step to finish.
srun: error: c189: tasks 2,4,6,8-10,12,15-16,20,23-26: Bus error (core dumped)
srun: error: c189: tasks 19,27: Bus error (core dumped)
