        _                      _____
  _ __ | |__   ___  _ __   ___|___ / _ __  _   _
 | '_ \| '_ \ / _ \| '_ \ / _ \ |_ \| '_ \| | | |
 | |_) | | | | (_) | | | | (_) |__) | |_) | |_| |
 | .__/|_| |_|\___/|_| |_|\___/____/| .__/ \__, |
 |_|                                |_|    |___/ 
                                       4.4.0

-------------------------[time 2026-09-13 10:43:06]-------------------------
Rust backend (phonors) using rayon (4 threads).
Python version 3.11.5
Spglib version 2.7.0

Unit cell was read from "unitcell.in".
-------------------------------- unit cell ---------------------------------
Lattice vectors:
  a    7.253625405912163    0.000000000000000    0.000000000000000
  b   -0.000000000000000   16.329512410531951    0.000000000000000
  c    0.000000000000000    0.000000000000000   26.461794951764755
Atomic positions (fractional):
    1 Sr  0.25000000000000  0.06245288250000  0.81947386860000  87.620
    2 Sr  0.75000000000000  0.93754711750000  0.18052613140000  87.620
    3 Sr  0.75000000000000  0.43754711750000  0.31947386860000  87.620
    4 Sr  0.25000000000000  0.56245288250000  0.68052613140000  87.620
    5 Zr  0.25000000000000  0.32685708670000  0.05578317470000  91.224
    6 Zr  0.75000000000000  0.67314291330000  0.94421682530000  91.224
    7 Zr  0.75000000000000  0.17314291330000  0.55578317470000  91.224
    8 Zr  0.25000000000000  0.82685708670000  0.44421682530000  91.224
    9 S   0.25000000000000  0.20833919640000  0.21547353350000  32.065
   10 S   0.75000000000000  0.79166080360000  0.78452646650000  32.065
   11 S   0.75000000000000  0.29166080360000  0.71547353350000  32.065
   12 S   0.25000000000000  0.70833919640000  0.28452646650000  32.065
   13 S   0.25000000000000  0.33659220840000  0.48419758510000  32.065
   14 S   0.75000000000000  0.66340779160000  0.51580241490000  32.065
   15 S   0.75000000000000  0.16340779160000  0.98419758510000  32.065
   16 S   0.25000000000000  0.83659220840000  0.01580241490000  32.065
   17 S   0.25000000000000  0.48705760660000  0.89467755260000  32.065
   18 S   0.75000000000000  0.51294239340000  0.10532244740000  32.065
   19 S   0.75000000000000  0.01294239340000  0.39467755260000  32.065
   20 S   0.25000000000000  0.98705760660000  0.60532244740000  32.065
----------------------------------------------------------------------------
Supercell (dim): [2 1 1]
Primitive matrix:
  [1. 0. 0.]
  [0. 1. 0.]
  [0. 0. 1.]
Displacement distance: 0.0566917837388
Number of displacements: 4025
Cutoff distance for displacements: 6.71634150010947
Number of displacement supercell files created: 787
Spacegroup: Pnma (62)
Displacement dataset was written in "phono3py_disp.yaml".
Summary of calculation was written in "phono3py.yaml".
-------------------------[time 2026-09-13 10:43:10]-------------------------
                 _
   ___ _ __   __| |
  / _ \ '_ \ / _` |
 |  __/ | | | (_| |
  \___|_| |_|\__,_|

