#   Ef[Ry]      T[K]                  N[e/uc]        DOS(ef)[1/(Ha*uc)]                    S[V/K]   sigma/tau0[1/(ohm*m*s)]                RH[m**3/C]    kappae/tau0[W/(m*K*s)]             cv[J/(mol*K)]             chi[m**3/mol]
  0.649712       300                -0.464581                   29.4515              -5.37312e-06               2.86873e+19               -7.4496e-09               1.98113e+14                  0.386491               9.46653e-13
  0.649626       400                -0.464533                   29.4851              -7.78328e-06               2.83703e+19              -7.46366e-09               2.50322e+14                  0.500467               9.47733e-13
  0.649494       500                -0.464388                   29.3215              -1.08375e-05               2.79435e+19              -7.53336e-09               2.97529e+14                  0.606957               9.42477e-13
  0.649324       600                -0.464469                   29.0385              -1.46464e-05               2.74874e+19              -7.63393e-09                3.4047e+14                   0.71334               9.33379e-13
  0.649104       700                -0.464411                   28.6862              -1.91746e-05               2.70105e+19              -7.75952e-09                3.7939e+14                  0.827746               9.22055e-13
  0.648838       800                 -0.46451                   28.3123              -2.42525e-05               2.65303e+19              -7.90028e-09               4.14673e+14                  0.958806               9.10037e-13
  0.648514       900                -0.464515                   27.9365              -2.98062e-05               2.60363e+19               -8.0549e-09               4.46105e+14                   1.11251               8.97957e-13
  0.641091       300                -0.232298                    22.514              -2.97489e-05               1.71772e+19              -1.28868e-08                1.2188e+14                  0.281879               7.23665e-13
  0.640828       400                -0.232216                   21.9819              -3.97787e-05                1.7005e+19              -1.30707e-08               1.54152e+14                  0.364083               7.06559e-13
  0.640516       500                -0.232161                   21.4463              -4.90469e-05               1.67754e+19              -1.32703e-08               1.80864e+14                  0.442048               6.89344e-13
  0.640156       600                -0.232207                   20.9049               -5.7629e-05                  1.65e+19              -1.34911e-08               2.02981e+14                  0.518085               6.71943e-13
  0.639741       700                -0.232249                   20.3533              -6.56737e-05               1.61864e+19              -1.37385e-08               2.21529e+14                  0.595733               6.54213e-13
   0.63926       800                -0.232124                   19.7885              -7.33463e-05               1.58375e+19              -1.40199e-08               2.37279e+14                  0.679638               6.36056e-13
  0.638728       900                -0.232192                   19.2357              -8.06384e-05               1.54819e+19              -1.43142e-08               2.51146e+14                  0.775328               6.18288e-13
  0.633006       300                -0.092847                    12.826              -6.14283e-05               8.13857e+18              -3.17946e-08               5.52451e+13                  0.173323               4.12263e-13
  0.632649       400               -0.0928742                    12.595              -7.94066e-05               7.99073e+18              -3.19214e-08               6.97621e+13                   0.23327               4.04838e-13
  0.632183       500               -0.0929249                   12.2903              -9.60944e-05               7.82231e+18              -3.21611e-08               8.19086e+13                  0.292053               3.95045e-13
  0.631608       600               -0.0929254                   11.9034              -0.000111125               7.63462e+18              -3.25161e-08               9.17049e+13                  0.351282               3.82609e-13
  0.630929       700               -0.0928939                   11.4567              -0.000124478               7.43504e+18              -3.29687e-08                9.9488e+13                   0.41321                3.6825e-13
  0.630155       800               -0.0928714                   10.9793              -0.000136305                 7.231e+18              -3.34974e-08               1.05787e+14                   0.48004               3.52905e-13
  0.629295       900               -0.0928929                   10.4966              -0.000146799               7.02825e+18              -3.40817e-08               1.11209e+14                   0.55406               3.37391e-13
  0.628705       300                -0.046441                    8.8114               -9.1111e-05               4.36074e+18              -6.30421e-08               2.82339e+13                  0.118913               2.83223e-13
  0.628224       400               -0.0464232                   8.46873              -0.000116755               4.26252e+18              -6.34073e-08                3.5342e+13                  0.160428               2.72209e-13
  0.627596       500               -0.0464545                   8.04402              -0.000138672               4.15888e+18              -6.38015e-08               4.15788e+13                  0.207685               2.58557e-13
  0.626816       600               -0.0464681                   7.58155              -0.000157501               4.04615e+18              -6.43858e-08               4.68249e+13                  0.260085               2.43692e-13
  0.625893       700               -0.0464382                   7.11135              -0.000173762               3.92602e+18              -6.51999e-08               5.10664e+13                  0.316531               2.28579e-13
  0.624849       800                -0.046444                   6.66243              -0.000187734               3.80784e+18               -6.6119e-08               5.46479e+13                  0.376773               2.14149e-13
  0.623692       900               -0.0464608                   6.24418              -0.000199735                 3.692e+18              -6.71389e-08               5.81325e+13                  0.441466               2.00706e-13
  0.625597       300               -0.0232294                   6.13013              -0.000134381               2.25954e+18              -1.24802e-07               1.36876e+13                 0.0818366                1.9704e-13
  0.624918       400               -0.0232208                   5.57877              -0.000164162               2.20571e+18              -1.25703e-07                1.7284e+13                  0.116502               1.79317e-13
  0.624034       500               -0.0232186                   5.05657              -0.000188946               2.14641e+18              -1.26745e-07               2.05432e+13                  0.157643               1.62532e-13
  0.622967       600               -0.0232214                   4.58841              -0.000209834               2.08425e+18              -1.27988e-07               2.33564e+13                  0.202878               1.47485e-13
  0.621731       700                -0.023209                   4.17525              -0.000227604               2.01933e+18              -1.29575e-07               2.57273e+13                  0.250214               1.34204e-13
  0.620351       800               -0.0232056                   3.81812              -0.000242567               1.95566e+18              -1.31308e-07               2.80327e+13                  0.299196               1.22725e-13
  0.618853       900               -0.0232391                   3.51775               -0.00025457               1.89801e+18              -1.32776e-07               3.12752e+13                  0.351325                1.1307e-13
   0.62269       300              -0.00929254                     3.437              -0.000203453               9.20686e+17               -3.1018e-07               5.16547e+12                 0.0594029               1.10475e-13
  0.621591       400              -0.00928478                   2.88104              -0.000235862                8.9784e+17              -3.12963e-07                6.6798e+12                 0.0874039               9.26048e-14
  0.620246       500              -0.00926473                   2.46007              -0.000262415               8.71925e+17              -3.16316e-07               8.04505e+12                  0.117655               7.90737e-14
  0.618709       600               -0.0092861                   2.14512              -0.000284228               8.48323e+17              -3.18715e-07               9.29054e+12                  0.148718               6.89503e-14
   0.61698       700              -0.00928485                   1.89466              -0.000302486               8.22202e+17              -3.22187e-07               1.05441e+13                  0.179764               6.08997e-14
  0.615102       800              -0.00929046                   1.69968              -0.000316295               7.98512e+17              -3.24437e-07               1.26833e+13                  0.212224               5.46326e-14
  0.613104       900              -0.00928416                   1.55391              -0.000322943               7.80838e+17              -3.22182e-07               1.79722e+13                  0.249885               4.99471e-14
  0.620966       300              -0.00464973                   2.00669              -0.000259592                4.6092e+17              -6.21523e-07               2.52758e+12                 0.0498913               6.45008e-14
  0.619489       400              -0.00464658                   1.60963              -0.000293068               4.51093e+17              -6.25379e-07               3.29373e+12                 0.0706855               5.17381e-14
  0.617759       500              -0.00464677                   1.33794              -0.000319987                4.3955e+17               -6.3014e-07               4.00329e+12                  0.091635               4.30051e-14
  0.615807       600              -0.00464151                   1.14104              -0.000342282               4.26455e+17              -6.36609e-07               4.68206e+12                   0.11215               3.66763e-14
  0.613678       700              -0.00464493                  0.997146              -0.000359366               4.14493e+17              -6.40416e-07               5.76537e+12                  0.133015               3.20511e-14
  0.611409       800              -0.00464286                  0.894828              -0.000367077               4.06135e+17              -6.32967e-07               8.92163e+12                  0.157188               2.87623e-14
  0.609119       900              -0.00464455                  0.845101              -0.000354564               4.11604e+17              -5.87724e-07               1.81759e+13                  0.191827               2.71639e-14
  0.576782       300               0.00464056                   2.01593                0.00025289               4.44847e+17               6.14512e-07               2.54759e+12                 0.0568079               6.47976e-14
  0.578361       400               0.00463918                   1.62667               0.000290981               4.18297e+17               6.21818e-07               3.22074e+12                 0.0842863               5.22858e-14
  0.580245       500               0.00464508                   1.35631               0.000322278               3.93209e+17               6.29101e-07               3.76078e+12                   0.11164               4.35956e-14
  0.582392       600               0.00464457                   1.15767                0.00034891               3.69542e+17               6.35798e-07                4.2515e+12                  0.137959               3.72109e-14
  0.584759       700               0.00464241                   1.00952               0.000370405               3.48723e+17               6.35807e-07               5.26999e+12                  0.164331               3.24487e-14
  0.587281       800               0.00464703                  0.906127               0.000379588               3.34546e+17               6.08757e-07               8.93303e+12                  0.194325               2.91255e-14
  0.589868       900               0.00464211                  0.854005               0.000358716                3.3482e+17               5.13682e-07               2.02464e+13                  0.234436               2.74501e-14
  0.575073       300                0.0092841                   3.48597               0.000198327                 8.742e+17               3.06599e-07               5.13808e+12                 0.0721204               1.12049e-13
   0.57629       400               0.00929036                   2.95485               0.000234831               8.24277e+17               3.10429e-07               6.45915e+12                  0.110496               9.49773e-14
    0.5778       500               0.00928217                   2.53336               0.000265402               7.74923e+17               3.14802e-07               7.48405e+12                  0.150871               8.14294e-14
  0.579547       600               0.00929305                   2.20552                0.00029157               7.30528e+17               3.17831e-07               8.32738e+12                  0.191509               7.08915e-14
  0.581512       700               0.00928834                   1.94311               0.000314733                6.8898e+17               3.19642e-07                9.3075e+12                  0.232337               6.24571e-14
  0.583655       800               0.00928879                   1.73797                 0.0003337               6.53225e+17               3.16778e-07               1.15487e+13                  0.275346               5.58631e-14
  0.585938       900               0.00928863                   1.58644                0.00034326               6.27151e+17               3.02158e-07               1.79674e+13                  0.324318               5.09927e-14
  0.572264       300                0.0232125                   6.52181               0.000133172               2.07228e+18                1.2284e-07               1.30318e+13                  0.107534               2.09629e-13
  0.573104       400                0.0232415                   5.97952               0.000166082               1.96895e+18               1.24249e-07               1.61066e+13                  0.158609               1.92199e-13
  0.574188       500                0.0232134                   5.41161               0.000194216               1.86336e+18               1.25877e-07               1.84561e+13                   0.21609               1.73944e-13
  0.575474       600                0.0232155                   4.88753               0.000218883               1.76509e+18               1.27018e-07                2.0358e+13                  0.278721               1.57099e-13
  0.576943       700                0.0232247                   4.42381               0.000241496               1.67328e+18               1.27582e-07               2.20867e+13                  0.345987               1.42194e-13
  0.578586       800                0.0232118                   4.01975               0.000262744               1.58635e+18               1.27484e-07               2.40984e+13                   0.41781               1.29206e-13
  0.580378       900                0.0232138                   3.67973               0.000281893               1.50805e+18               1.26041e-07               2.76008e+13                  0.495344               1.18277e-13
  0.569457       300                0.0464455                   10.1576                9.4082e-05               3.82059e+18               6.16748e-08               2.57587e+13                  0.157278               3.26495e-13
  0.570115       400                 0.046461                   9.69422               0.000121658               3.67793e+18               6.22058e-08               3.13398e+13                  0.218162               3.11599e-13
  0.570947       500                0.0464733                   9.10733                0.00014599               3.52185e+18                6.2746e-08               3.57594e+13                  0.285934               2.92735e-13
  0.571949       600                0.0464183                   8.46924               0.000168409               3.35991e+18               6.31905e-08               3.94075e+13                  0.363722               2.72225e-13
  0.573097       700                0.0464287                   7.85495               0.000189727               3.20571e+18               6.32753e-08               4.27146e+13                  0.453019                2.5248e-13
  0.574389       800                0.0464514                   7.28517               0.000210491               3.05732e+18               6.30348e-08               4.58862e+13                  0.553305               2.34166e-13
  0.575829       900                0.0464284                   6.76401                0.00023061               2.91239e+18               6.25233e-08               4.93562e+13                  0.663459               2.17414e-13
  0.565887       300                0.0928524                    16.151               6.52258e-05               6.86348e+18               3.04817e-08                4.6498e+13                  0.227426                5.1914e-13
    0.5664       400                0.0929172                   15.5658               8.51482e-05               6.65584e+18               3.08328e-08               5.75472e+13                  0.299879               5.00329e-13
  0.567032       500                0.0929313                   14.8525               0.000104591               6.44023e+18               3.09491e-08               6.63711e+13                  0.380582               4.77401e-13
  0.567788       600                0.0928622                    14.086                0.00012408               6.20841e+18               3.09497e-08               7.40484e+13                   0.47703               4.52764e-13
   0.56866       700                0.0928637                   13.3316               0.000143873               5.97414e+18               3.07951e-08               8.10425e+13                  0.592566               4.28515e-13
  0.569652       800                0.0929158                   12.6117               0.000163856               5.73997e+18               3.05102e-08                8.7329e+13                  0.727045               4.05376e-13
  0.570769       900                0.0929512                   11.9308               0.000183554                5.5049e+18               3.01505e-08               9.28782e+13                  0.878553                3.8349e-13
  0.559685       300                 0.232198                   28.2573               3.16872e-05               1.41975e+19               1.06875e-08               9.28367e+13                  0.329897                9.0827e-13
  0.559929       400                 0.232277                    27.199               4.59396e-05               1.38639e+19               1.07418e-08               1.18735e+14                  0.442546               8.74253e-13
  0.560274       500                 0.232303                   26.3071               6.27506e-05               1.35466e+19               1.06746e-08               1.42307e+14                  0.575015               8.45583e-13
  0.560727       600                 0.232305                   25.5196               8.16928e-05               1.32096e+19               1.05791e-08               1.63889e+14                  0.731629               8.20271e-13
  0.561298       700                 0.232123                   24.7798               0.000101416               1.28418e+19               1.04986e-08               1.82662e+14                  0.912298               7.96492e-13
  0.561966       800                 0.232299                   24.0898               0.000120509               1.24684e+19               1.04167e-08               1.98348e+14                   1.11686               7.74315e-13
  0.562753       900                  0.23228                   23.3928               0.000138187               1.20683e+19               1.03754e-08                2.1045e+14                   1.34208                7.5191e-13
  0.552428       300                 0.464397                   35.7999                2.9005e-05                2.2718e+19                1.8216e-09               1.63339e+14                  0.526268               1.15071e-12
  0.552639       400                 0.464424                   36.5964               4.83365e-05               2.25409e+19               2.48452e-09               2.13181e+14                   0.74431               1.17631e-12
   0.55294       500                 0.464441                   37.2056               6.71473e-05               2.22935e+19               2.97125e-09               2.57954e+14                  0.977148               1.19589e-12
  0.553331       600                 0.464462                   37.5864               8.36604e-05               2.19772e+19               3.36277e-09               2.95719e+14                   1.22336               1.20813e-12
  0.553812       700                 0.464536                   37.7351               9.77003e-05               2.15898e+19               3.67394e-09               3.26302e+14                   1.48345               1.21291e-12
  0.554387       800                 0.464372                   37.6542               0.000109725               2.11268e+19               3.92603e-09               3.50269e+14                    1.7578               1.21031e-12
  0.555043       900                 0.464395                    37.395               0.000120248               2.06134e+19               4.13119e-09               3.68916e+14                   2.04883               1.20198e-12
